---
source: tests/presenter_pinned.rs
expression: output
---
"┌r─────────────────┐┌active.rs──────────────────────────────────────────────────────┐┌Pinned: [detached]─────────────────────────────────────────────┐"
"│                  ││active notice                                                  ││PINNED                                                         │"
"│                  ││ACTIVE needle                                                  ││                                                               │"
"│                  ││active second row                                              ││                                                               │"
"│                  ││                                                               ││                                                               │"
"│                  ││                                                               ││                                                               │"
"│                  ││                                                               ││                                                               │"
"│                  ││                                                               ││                                                               │"
"│                  ││                                                               ││                                                               │"
"└──────────────────┘└─────────↑↓ navigate · Enter open · v view · Esc close · ? help┘└───────────────────────────────────────────────────────────────┘"
